C:\Users\danie\anaconda3\Lib\site-packages\qdrant_client\qdrant_remote.py:130: UserWarning: Api key is used with an insecure connection.
  warnings.warn("Api key is used with an insecure connection.")
============================================================
TESTING HYBRID SEARCH COMPONENT
============================================================

[Step 1] Populating BM25 Index with mock data...
[OK] Index populated.

[Step 2] Testing pure BM25 search...
Query: 'Maria Silva'
   - A funcionária Maria Silva foi promovida para Geren... (Score: 1.8844)
[OK] BM25 found exact match.

[Step 3] Testing Hybrid Fusion Logic (RRF)...
Traceback (most recent call last):
  File "C:\programming\company-buddy\backend\test_hybrid_search.py", line 163, in <module>
    test_hybrid_search()
    ~~~~~~~~~~~~~~~~~~^^
  File "C:\programming\company-buddy\backend\test_hybrid_search.py", line 94, in test_hybrid_search
    hybrid = get_hybrid_search_service()
  File "C:\programming\company-buddy\backend\app\services\hybrid_search_service.py", line 166, in get_hybrid_search_service
    _hybrid_service_instance = HybridSearchService()
  File "C:\programming\company-buddy\backend\app\services\hybrid_search_service.py", line 20, in __init__
    self.bm25 = get_bm25_service()
                ^^^^^^^^^^^^^^^^
NameError: name 'get_bm25_service' is not defined
